# serializer version: 1
# name: test_init_no_template_failure[empty_name-init_args9]
  '''
  ╭─ Error ──────────────────────────────────────────────────────────────────────╮
  │ Intended project name does not qualify as a valid identifier:                │
  ╰──────────────────────────────────────────────────────────────────────────────╯
  
  '''
# ---
# name: test_init_no_template_failure[empty_path-init_args4]
  '''
  ╭─ Error ──────────────────────────────────────────────────────────────────────╮
  │ The directory  already exists. Please specify a different path for the       │
  │ project.                                                                     │
  ╰──────────────────────────────────────────────────────────────────────────────╯
  
  '''
# ---
# name: test_init_no_template_failure[name_with_invalid_id-init_args7]
  '''
  ╭─ Error ──────────────────────────────────────────────────────────────────────╮
  │ Intended project name does not qualify as a valid identifier:                │
  │ "demo"na_project                                                             │
  ╰──────────────────────────────────────────────────────────────────────────────╯
  
  '''
# ---
# name: test_init_no_template_failure[name_with_trailing_double_quote-init_args6]
  '''
  ╭─ Error ──────────────────────────────────────────────────────────────────────╮
  │ Intended project name does not qualify as a valid identifier:                │
  │ demo_na_project"                                                             │
  ╰──────────────────────────────────────────────────────────────────────────────╯
  
  '''
# ---
# name: test_init_no_template_failure[name_with_unquoted_inner_quote-init_args8]
  '''
  ╭─ Error ──────────────────────────────────────────────────────────────────────╮
  │ Intended project name does not qualify as a valid identifier:                │
  │ "demo"na_project"                                                            │
  ╰──────────────────────────────────────────────────────────────────────────────╯
  
  '''
# ---
# name: test_init_no_template_failure[name_with_unterminated_id-init_args5]
  '''
  ╭─ Error ──────────────────────────────────────────────────────────────────────╮
  │ Intended project name does not qualify as a valid identifier:                │
  │ "demo_na_project                                                             │
  ╰──────────────────────────────────────────────────────────────────────────────╯
  
  '''
# ---
# name: test_init_no_template_failure[with_invalid_id-init_args2]
  '''
  ╭─ Error ──────────────────────────────────────────────────────────────────────╮
  │ Intended project name does not qualify as a valid identifier:                │
  │ "demo"na_project                                                             │
  ╰──────────────────────────────────────────────────────────────────────────────╯
  
  '''
# ---
# name: test_init_no_template_failure[with_trailing_double_quote-init_args1]
  '''
  ╭─ Error ──────────────────────────────────────────────────────────────────────╮
  │ Intended project name does not qualify as a valid identifier:                │
  │ demo_na_project"                                                             │
  ╰──────────────────────────────────────────────────────────────────────────────╯
  
  '''
# ---
# name: test_init_no_template_failure[with_unquoted_inner_quote-init_args3]
  '''
  ╭─ Error ──────────────────────────────────────────────────────────────────────╮
  │ Intended project name does not qualify as a valid identifier:                │
  │ "demo"na_project"                                                            │
  ╰──────────────────────────────────────────────────────────────────────────────╯
  
  '''
# ---
# name: test_init_no_template_failure[with_unterminated_id-init_args0]
  '''
  ╭─ Error ──────────────────────────────────────────────────────────────────────╮
  │ Intended project name does not qualify as a valid identifier:                │
  │ "demo_na_project                                                             │
  ╰──────────────────────────────────────────────────────────────────────────────╯
  
  '''
# ---
# name: test_init_no_template_success[absolute-init_args21]
  '''
  Snowflake Native App project project has been created at: /demo/na/project
  
  '''
# ---
# name: test_init_no_template_success[all_upper-init_args0]
  '''
  Snowflake Native App project DEMO_NA_PROJECT has been created at: DEMO_NA_PROJECT
  
  '''
# ---
# name: test_init_no_template_success[camel_case-init_args2]
  '''
  Snowflake Native App project DemoNAProject has been created at: DemoNAProject
  
  '''
# ---
# name: test_init_no_template_success[double_quoted-init_args22]
  '''
  Snowflake Native App project "demo_na_project" has been created at: "demo_na_project"
  
  '''
# ---
# name: test_init_no_template_success[leading_digit-init_args14]
  '''
  Snowflake Native App project 1_demo_na_project has been created at: 1_demo_na_project
  
  '''
# ---
# name: test_init_no_template_success[leading_underscore-init_args12]
  '''
  Snowflake Native App project _demo_na_project has been created at: _demo_na_project
  
  '''
# ---
# name: test_init_no_template_success[leading_underscore-init_args13]
  '''
  Snowflake Native App project _demo_na_project has been created at: _demo_na_project
  
  '''
# ---
# name: test_init_no_template_success[middle_double_quote-init_args16]
  '''
  Snowflake Native App project demo_na"project has been created at: demo_na"project
  
  '''
# ---
# name: test_init_no_template_success[middle_single_quote-init_args15]
  '''
  Snowflake Native App project demo_na'project has been created at: demo_na'project
  
  '''
# ---
# name: test_init_no_template_success[name_all_upper-init_args24]
  '''
  Snowflake Native App project DEMO_NA_PROJECT has been created at: demo_na_project
  
  '''
# ---
# name: test_init_no_template_success[name_camel_case-init_args26]
  '''
  Snowflake Native App project DemoNAProject has been created at: demo_na_project
  
  '''
# ---
# name: test_init_no_template_success[name_double_quoted-init_args43]
  '''
  Snowflake Native App project "demo_na_project" has been created at: demo_na_project
  
  '''
# ---
# name: test_init_no_template_success[name_leading_digit-init_args38]
  '''
  Snowflake Native App project 1_demo_na_project has been created at: demo_na_project
  
  '''
# ---
# name: test_init_no_template_success[name_leading_underscore-init_args36]
  '''
  Snowflake Native App project _demo_na_project has been created at: demo_na_project
  
  '''
# ---
# name: test_init_no_template_success[name_leading_underscore-init_args37]
  '''
  Snowflake Native App project _demo_na_project has been created at: demo_na_project
  
  '''
# ---
# name: test_init_no_template_success[name_middle_double_quote-init_args40]
  '''
  Snowflake Native App project demo_na"project has been created at: demo_na_project
  
  '''
# ---
# name: test_init_no_template_success[name_middle_single_quote-init_args39]
  '''
  Snowflake Native App project demo_na'project has been created at: demo_na_project
  
  '''
# ---
# name: test_init_no_template_success[name_snake_case-init_args25]
  '''
  Snowflake Native App project demo_na_project has been created at: demo_na_project
  
  '''
# ---
# name: test_init_no_template_success[name_with_ampersand-init_args31]
  '''
  Snowflake Native App project demo@na@project has been created at: demo_na_project
  
  '''
# ---
# name: test_init_no_template_success[name_with_backslash-init_args41]
  '''
  Snowflake Native App project demo\na\project has been created at: demo_na_project
  
  '''
# ---
# name: test_init_no_template_success[name_with_dashes-init_args27]
  '''
  Snowflake Native App project demo-na-project has been created at: demo_na_project
  
  '''
# ---
# name: test_init_no_template_success[name_with_dollar_sign-init_args30]
  '''
  Snowflake Native App project demo$na$project has been created at: demo_na_project
  
  '''
# ---
# name: test_init_no_template_success[name_with_dots-init_args29]
  '''
  Snowflake Native App project demo.na.project has been created at: demo_na_project
  
  '''
# ---
# name: test_init_no_template_success[name_with_double_dash-init_args32]
  '''
  Snowflake Native App project demo--na--project has been created at: demo_na_project
  
  '''
# ---
# name: test_init_no_template_success[name_with_double_dot-init_args33]
  '''
  Snowflake Native App project demo..na..project has been created at: demo_na_project
  
  '''
# ---
# name: test_init_no_template_success[name_with_double_underscore-init_args34]
  '''
  Snowflake Native App project demo..na..project has been created at: demo_na_project
  
  '''
# ---
# name: test_init_no_template_success[name_with_inner_quotes-init_args44]
  '''
  Snowflake Native App project "demo""na""_""""project" has been created at: demo_na_project
  
  '''
# ---
# name: test_init_no_template_success[name_with_mixed_replacement-init_args35]
  '''
  Snowflake Native App project demo.-na .project has been created at: demo_na_project
  
  '''
# ---
# name: test_init_no_template_success[name_with_slash-init_args42]
  '''
  Snowflake Native App project demo/na/project has been created at: demo_na_project
  
  '''
# ---
# name: test_init_no_template_success[name_with_spaces-init_args28]
  '''
  Snowflake Native App project demo na project has been created at: demo_na_project
  
  '''
# ---
# name: test_init_no_template_success[relative_to_cwd-init_args19]
  '''
  Snowflake Native App project project has been created at: ./demo/na/project
  
  '''
# ---
# name: test_init_no_template_success[relative_to_parent-init_args20]
  '''
  Snowflake Native App project project has been created at: ../demo/na/project
  
  '''
# ---
# name: test_init_no_template_success[snake_case-init_args1]
  '''
  Snowflake Native App project demo_na_project has been created at: demo_na_project
  
  '''
# ---
# name: test_init_no_template_success[with_ampersand-init_args7]
  '''
  Snowflake Native App project demo@na@project has been created at: demo@na@project
  
  '''
# ---
# name: test_init_no_template_success[with_backslash-init_args17]
  '''
  Snowflake Native App project demo\na\project has been created at: demo\na\project
  
  '''
# ---
# name: test_init_no_template_success[with_dashes-init_args3]
  '''
  Snowflake Native App project demo_na_project has been created at: demo-na-project
  
  '''
# ---
# name: test_init_no_template_success[with_dollar_sign-init_args6]
  '''
  Snowflake Native App project demo$na$project has been created at: demo$na$project
  
  '''
# ---
# name: test_init_no_template_success[with_dots-init_args5]
  '''
  Snowflake Native App project demo_na_project has been created at: demo.na.project
  
  '''
# ---
# name: test_init_no_template_success[with_double_dash-init_args8]
  '''
  Snowflake Native App project demo_na_project has been created at: demo--na--project
  
  '''
# ---
# name: test_init_no_template_success[with_double_dot-init_args9]
  '''
  Snowflake Native App project demo_na_project has been created at: demo..na..project
  
  '''
# ---
# name: test_init_no_template_success[with_double_underscore-init_args10]
  '''
  Snowflake Native App project demo_na_project has been created at: demo..na..project
  
  '''
# ---
# name: test_init_no_template_success[with_inner_quotes-init_args23]
  '''
  Snowflake Native App project "demo""na""_""""project" has been created at: "demo""na""_""""project"
  
  '''
# ---
# name: test_init_no_template_success[with_mixed_replacement-init_args11]
  '''
  Snowflake Native App project demo_na_project has been created at: demo.-na .project
  
  '''
# ---
# name: test_init_no_template_success[with_slash-init_args18]
  '''
  Snowflake Native App project project has been created at: demo/na/project
  
  '''
# ---
# name: test_init_no_template_success[with_spaces-init_args4]
  '''
  Snowflake Native App project demo_na_project has been created at: demo na project
  
  '''
# ---
