# serializer version: 1
# name: test_command_from_external_plugin
  '''
  +------------------------+
  | key      | value       |
  |----------+-------------|
  | GREETING | Hello John! |
  +------------------------+
  
  '''
# ---
# name: test_snow_help
  '''
                                                                                  
   Usage: snow [OPTIONS] COMMAND [ARGS]...                                        
                                                                                  
   Snowflake CLI tool for developers.                                             
                                                                                  
  ╭─ Options ────────────────────────────────────────────────────────────────────╮
  │ --version                    Shows version of the Snowflake CLI              │
  │ --info                       Shows information about the Snowflake CLI       │
  │ --config-file          FILE  Specifies Snowflake CLI configuration file that │
  │                              should be used                                  │
  │                              [default: None]                                 │
  │ --help         -h            Show this message and exit.                     │
  ╰──────────────────────────────────────────────────────────────────────────────╯
  ╭─ Commands ───────────────────────────────────────────────────────────────────╮
  │ app         Manages a Snowflake Native App                                   │
  │ connection  Manages connections to Snowflake.                                │
  │ object      Manages Snowflake objects like warehouses and stages             │
  │ snowpark    Manages procedures and functions.                                │
  │ spcs        Manages Snowpark Container Services compute pools, services,     │
  │             image registries, and image repositories.                        │
  │ sql         Executes Snowflake query.                                        │
  │ streamlit   Manages Streamlit in Snowflake.                                  │
  ╰──────────────────────────────────────────────────────────────────────────────╯
  
  
  '''
# ---
# name: test_snow_sql
  '''
  select ln(10)
  +-------------------+
  | LN(10)            |
  |-------------------|
  | 2.302585092994046 |
  +-------------------+
  
  '''
# ---
# name: test_snow_streamlit_init
  '''
  Initialized the new project in streamlit_test/
  
  '''
# ---
