# serializer version: 1
# name: test_broken_command_path_plugin
  '''
  +----------------------------------------------------+
  | connection_name | parameters          | is_default |
  |-----------------+---------------------+------------|
  | test            | {'account': 'test'} | False      |
  +----------------------------------------------------+
  
  '''
# ---
